Archive member included to satisfy reference by file (symbol)

c:/program files (x86)/atmel/studio/7.0/toolchain/arm/arm-gnu-toolchain/bin/../lib/gcc/arm-none-eabi/6.3.1/thumb/v6-m\libgcc.a(_udivsi3.o)
                              hpl/core/hpl_core_m0plus_base.o (__aeabi_uidiv)
c:/program files (x86)/atmel/studio/7.0/toolchain/arm/arm-gnu-toolchain/bin/../lib/gcc/arm-none-eabi/6.3.1/thumb/v6-m\libgcc.a(_dvmd_tls.o)
                              c:/program files (x86)/atmel/studio/7.0/toolchain/arm/arm-gnu-toolchain/bin/../lib/gcc/arm-none-eabi/6.3.1/thumb/v6-m\libgcc.a(_udivsi3.o) (__aeabi_idiv0)
c:/program files (x86)/atmel/studio/7.0/toolchain/arm/arm-gnu-toolchain/bin/../lib/gcc/arm-none-eabi/6.3.1/thumb/v6-m\libgcc.a(_aeabi_uldivmod.o)
                              hpl/sercom/hpl_sercom.o (__aeabi_uldivmod)
c:/program files (x86)/atmel/studio/7.0/toolchain/arm/arm-gnu-toolchain/bin/../lib/gcc/arm-none-eabi/6.3.1/thumb/v6-m\libgcc.a(_muldi3.o)
                              hpl/sercom/hpl_sercom.o (__aeabi_lmul)
c:/program files (x86)/atmel/studio/7.0/toolchain/arm/arm-gnu-toolchain/bin/../lib/gcc/arm-none-eabi/6.3.1/thumb/v6-m\libgcc.a(_fixunsdfsi.o)
                              hpl/sercom/hpl_sercom.o (__aeabi_d2uiz)
c:/program files (x86)/atmel/studio/7.0/toolchain/arm/arm-gnu-toolchain/bin/../lib/gcc/arm-none-eabi/6.3.1/thumb/v6-m\libgcc.a(_udivmoddi4.o)
                              c:/program files (x86)/atmel/studio/7.0/toolchain/arm/arm-gnu-toolchain/bin/../lib/gcc/arm-none-eabi/6.3.1/thumb/v6-m\libgcc.a(_aeabi_uldivmod.o) (__udivmoddi4)
c:/program files (x86)/atmel/studio/7.0/toolchain/arm/arm-gnu-toolchain/bin/../lib/gcc/arm-none-eabi/6.3.1/thumb/v6-m\libgcc.a(divdf3.o)
                              hpl/sercom/hpl_sercom.o (__aeabi_ddiv)
c:/program files (x86)/atmel/studio/7.0/toolchain/arm/arm-gnu-toolchain/bin/../lib/gcc/arm-none-eabi/6.3.1/thumb/v6-m\libgcc.a(muldf3.o)
                              hpl/sercom/hpl_sercom.o (__aeabi_dmul)
c:/program files (x86)/atmel/studio/7.0/toolchain/arm/arm-gnu-toolchain/bin/../lib/gcc/arm-none-eabi/6.3.1/thumb/v6-m\libgcc.a(subdf3.o)
                              hpl/sercom/hpl_sercom.o (__aeabi_dsub)
c:/program files (x86)/atmel/studio/7.0/toolchain/arm/arm-gnu-toolchain/bin/../lib/gcc/arm-none-eabi/6.3.1/thumb/v6-m\libgcc.a(fixdfsi.o)
                              c:/program files (x86)/atmel/studio/7.0/toolchain/arm/arm-gnu-toolchain/bin/../lib/gcc/arm-none-eabi/6.3.1/thumb/v6-m\libgcc.a(_fixunsdfsi.o) (__aeabi_d2iz)
c:/program files (x86)/atmel/studio/7.0/toolchain/arm/arm-gnu-toolchain/bin/../lib/gcc/arm-none-eabi/6.3.1/thumb/v6-m\libgcc.a(floatsidf.o)
                              hpl/sercom/hpl_sercom.o (__aeabi_i2d)
c:/program files (x86)/atmel/studio/7.0/toolchain/arm/arm-gnu-toolchain/bin/../lib/gcc/arm-none-eabi/6.3.1/thumb/v6-m\libgcc.a(floatunsidf.o)
                              hpl/sercom/hpl_sercom.o (__aeabi_ui2d)
c:/program files (x86)/atmel/studio/7.0/toolchain/arm/arm-gnu-toolchain/bin/../lib/gcc/arm-none-eabi/6.3.1/thumb/v6-m\libgcc.a(_arm_cmpdf2.o)
                              c:/program files (x86)/atmel/studio/7.0/toolchain/arm/arm-gnu-toolchain/bin/../lib/gcc/arm-none-eabi/6.3.1/thumb/v6-m\libgcc.a(_fixunsdfsi.o) (__aeabi_dcmpge)
c:/program files (x86)/atmel/studio/7.0/toolchain/arm/arm-gnu-toolchain/bin/../lib/gcc/arm-none-eabi/6.3.1/thumb/v6-m\libgcc.a(_clzsi2.o)
                              c:/program files (x86)/atmel/studio/7.0/toolchain/arm/arm-gnu-toolchain/bin/../lib/gcc/arm-none-eabi/6.3.1/thumb/v6-m\libgcc.a(divdf3.o) (__clzsi2)
c:/program files (x86)/atmel/studio/7.0/toolchain/arm/arm-gnu-toolchain/bin/../lib/gcc/arm-none-eabi/6.3.1/thumb/v6-m\libgcc.a(_clzdi2.o)
                              c:/program files (x86)/atmel/studio/7.0/toolchain/arm/arm-gnu-toolchain/bin/../lib/gcc/arm-none-eabi/6.3.1/thumb/v6-m\libgcc.a(_udivmoddi4.o) (__clzdi2)
c:/program files (x86)/atmel/studio/7.0/toolchain/arm/arm-gnu-toolchain/bin/../lib/gcc/arm-none-eabi/6.3.1/thumb/v6-m\libgcc.a(eqdf2.o)
                              c:/program files (x86)/atmel/studio/7.0/toolchain/arm/arm-gnu-toolchain/bin/../lib/gcc/arm-none-eabi/6.3.1/thumb/v6-m\libgcc.a(_arm_cmpdf2.o) (__eqdf2)
c:/program files (x86)/atmel/studio/7.0/toolchain/arm/arm-gnu-toolchain/bin/../lib/gcc/arm-none-eabi/6.3.1/thumb/v6-m\libgcc.a(gedf2.o)
                              c:/program files (x86)/atmel/studio/7.0/toolchain/arm/arm-gnu-toolchain/bin/../lib/gcc/arm-none-eabi/6.3.1/thumb/v6-m\libgcc.a(_arm_cmpdf2.o) (__gedf2)
c:/program files (x86)/atmel/studio/7.0/toolchain/arm/arm-gnu-toolchain/bin/../lib/gcc/arm-none-eabi/6.3.1/thumb/v6-m\libgcc.a(ledf2.o)
                              c:/program files (x86)/atmel/studio/7.0/toolchain/arm/arm-gnu-toolchain/bin/../lib/gcc/arm-none-eabi/6.3.1/thumb/v6-m\libgcc.a(_arm_cmpdf2.o) (__ledf2)
[...]
Memory Configuration

Name             Origin             Length             Attributes
rom              0x00000000         0x00020000         xr
ram              0x20000000         0x00004000         xrw
*default*        0x00000000         0xffffffff

Linker script and memory map

LOAD c:/program files (x86)/atmel/studio/7.0/toolchain/arm/arm-gnu-toolchain/bin/../lib/gcc/arm-none-eabi/6.3.1/thumb/v6-m/crti.o
LOAD c:/program files (x86)/atmel/studio/7.0/toolchain/arm/arm-gnu-toolchain/bin/../lib/gcc/arm-none-eabi/6.3.1/thumb/v6-m/crtbegin.o
LOAD c:/program files (x86)/atmel/studio/7.0/toolchain/arm/arm-gnu-toolchain/bin/../lib/gcc/arm-none-eabi/6.3.1/../../../../arm-none-eabi/lib/thumb/v6-m/crt0.o
LOAD atmel_start.o
LOAD conv.o
LOAD Device_Startup/startup_samd21.o
LOAD Device_Startup/system_samd21.o
LOAD driver_init.o
LOAD examples/driver_examples.o
LOAD hal/src/hal_atomic.o
LOAD hal/src/hal_delay.o
LOAD hal/src/hal_gpio.o
LOAD hal/src/hal_i2c_s_async.o
LOAD hal/src/hal_init.o
LOAD hal/src/hal_io.o
LOAD hal/src/hal_pwm.o
LOAD hal/src/hal_sleep.o
LOAD hal/src/hal_timer.o
LOAD hal/src/hal_wdt.o
LOAD hal/utils/src/utils_assert.o
LOAD hal/utils/src/utils_event.o
LOAD hal/utils/src/utils_list.o
LOAD hal/utils/src/utils_ringbuffer.o
LOAD hal/utils/src/utils_syscalls.o
LOAD hpl/core/hpl_core_m0plus_base.o
LOAD hpl/core/hpl_init.o
LOAD hpl/dmac/hpl_dmac.o
LOAD hpl/gclk/hpl_gclk.o
LOAD hpl/pm/hpl_pm.o
LOAD hpl/rtc/hpl_rtc.o
LOAD hpl/sercom/hpl_sercom.o
LOAD hpl/sysctrl/hpl_sysctrl.o
LOAD hpl/tcc/hpl_tcc.o
LOAD hpl/tc/hpl_tc.o
LOAD hpl/wdt/hpl_wdt.o
LOAD i2c-cmd-handler.o
LOAD main.o
LOAD switch-handler.o
LOAD timer.o
START GROUP
LOAD c:/program files (x86)/atmel/studio/7.0/toolchain/arm/arm-gnu-toolchain/bin/../lib/gcc/arm-none-eabi/6.3.1/../../../../arm-none-eabi/lib/thumb/v6-m\libm.a
END GROUP
START GROUP
LOAD c:/program files (x86)/atmel/studio/7.0/toolchain/arm/arm-gnu-toolchain/bin/../lib/gcc/arm-none-eabi/6.3.1/thumb/v6-m\libgcc.a
LOAD c:/program files (x86)/atmel/studio/7.0/toolchain/arm/arm-gnu-toolchain/bin/../lib/gcc/arm-none-eabi/6.3.1/../../../../arm-none-eabi/lib/thumb/v6-m\libc_nano.a
END GROUP
START GROUP
LOAD c:/program files (x86)/atmel/studio/7.0/toolchain/arm/arm-gnu-toolchain/bin/../lib/gcc/arm-none-eabi/6.3.1/thumb/v6-m\libgcc.a
LOAD c:/program files (x86)/atmel/studio/7.0/toolchain/arm/arm-gnu-toolchain/bin/../lib/gcc/arm-none-eabi/6.3.1/../../../../arm-none-eabi/lib/thumb/v6-m\libc_nano.a
END GROUP
LOAD c:/program files (x86)/atmel/studio/7.0/toolchain/arm/arm-gnu-toolchain/bin/../lib/gcc/arm-none-eabi/6.3.1/thumb/v6-m/crtend.o
LOAD c:/program files (x86)/atmel/studio/7.0/toolchain/arm/arm-gnu-toolchain/bin/../lib/gcc/arm-none-eabi/6.3.1/thumb/v6-m/crtn.o
                0x00001000                STACK_SIZE = DEFINED (STACK_SIZE)?STACK_SIZE:DEFINED (__stack_size__)?__stack_size__:0x1000

.text           0x00000000     0x2448
                0x00000000                . = ALIGN (0x4)
                0x00000000                _sfixed = .
 *(.vectors .vectors.*)
 .vectors       0x00000000       0xb4 Device_Startup/startup_samd21.o
                0x00000000                exception_table
 *(.text .text.* .gnu.linkonce.t.*)
 .text          0x000000b4       0x60 c:/program files (x86)/atmel/studio/7.0/toolchain/arm/arm-gnu-toolchain/bin/../lib/gcc/arm-none-eabi/6.3.1/thumb/v6-m/crtbegin.o
 .text.atmel_start_init
                0x00000114        0xc atmel_start.o
                0x00000114                atmel_start_init
 .text.Dummy_Handler
                0x00000120        0x2 Device_Startup/startup_samd21.o
                0x00000120                SVCall_Handler
                0x00000120                DMAC_Handler
                0x00000120                HardFault_Handler
                0x00000120                AC_Handler
                0x00000120                SysTick_Handler
                0x00000120                PendSV_Handler
                0x00000120                ADC_Handler
                0x00000120                NonMaskableInt_Handler
                0x00000120                SERCOM2_Handler
                0x00000120                EIC_Handler
                0x00000120                WDT_Handler
                0x00000120                USB_Handler
                0x00000120                Dummy_Handler
                0x00000120                PM_Handler
                0x00000120                EVSYS_Handler
                0x00000120                SERCOM3_Handler
                0x00000120                I2S_Handler
                0x00000120                NVMCTRL_Handler
                0x00000120                SERCOM0_Handler
                0x00000120                DAC_Handler
                0x00000120                PTC_Handler
                0x00000120                SYSCTRL_Handler
 *fill*         0x00000122        0x2 
 .text.Reset_Handler
                0x00000124       0xe4 Device_Startup/startup_samd21.o
                0x00000124                Reset_Handler
 .text.I2C_0_PORT_init
                0x00000208       0x50 driver_init.o
                0x00000208                I2C_0_PORT_init
 .text.I2C_0_CLOCK_init
                0x00000258       0x28 driver_init.o
                0x00000258                I2C_0_CLOCK_init
 .text.I2C_0_init
                0x00000280       0x30 driver_init.o
                0x00000280                I2C_0_init
 .text.PWM_2_PORT_init
                0x000002b0       0x24 driver_init.o
                0x000002b0                PWM_2_PORT_init
 .text.PWM_2_CLOCK_init
                0x000002d4       0x20 driver_init.o
                0x000002d4                PWM_2_CLOCK_init
 .text.PWM_2_init
                0x000002f4       0x34 driver_init.o
                0x000002f4                PWM_2_init
 .text.PWM_4_PORT_init
                0x00000328       0x24 driver_init.o
                0x00000328                PWM_4_PORT_init
 .text.PWM_4_CLOCK_init
                0x0000034c       0x20 driver_init.o
                0x0000034c                PWM_4_CLOCK_init
 .text.PWM_4_init
                0x0000036c       0x34 driver_init.o
                0x0000036c                PWM_4_init
 .text.PWM_5_PORT_init
                0x000003a0       0x24 driver_init.o
                0x000003a0                PWM_5_PORT_init
 .text.PWM_5_CLOCK_init
                0x000003c4       0x20 driver_init.o
                0x000003c4                PWM_5_CLOCK_init
 .text.PWM_5_init
                0x000003e4       0x34 driver_init.o
                0x000003e4                PWM_5_init
 .text.PWM_1_PORT_init
                0x00000418       0x24 driver_init.o
                0x00000418                PWM_1_PORT_init
 .text.PWM_1_CLOCK_init
                0x0000043c       0x20 driver_init.o
                0x0000043c                PWM_1_CLOCK_init
 .text.PWM_1_init
                0x0000045c       0x34 driver_init.o
                0x0000045c                PWM_1_init
 .text.PWM_3_PORT_init
                0x00000490       0x24 driver_init.o
                0x00000490                PWM_3_PORT_init
 .text.PWM_3_CLOCK_init
                0x000004b4       0x20 driver_init.o
                0x000004b4                PWM_3_CLOCK_init
 .text.PWM_3_init
                0x000004d4       0x34 driver_init.o
                0x000004d4                PWM_3_init
 .text.PWM_0_PORT_init
                0x00000508       0x24 driver_init.o
                0x00000508                PWM_0_PORT_init
 .text.PWM_0_CLOCK_init
                0x0000052c       0x20 driver_init.o
                0x0000052c                PWM_0_CLOCK_init
 .text.PWM_0_init
                0x0000054c       0x34 driver_init.o
                0x0000054c                PWM_0_init
 .text.WDT_0_CLOCK_init
                0x00000580       0x20 driver_init.o
                0x00000580                WDT_0_CLOCK_init
 .text.WDT_0_init
                0x000005a0       0x34 driver_init.o
                0x000005a0                WDT_0_init
 .text.system_init
                0x000005d4      0x264 driver_init.o
                0x000005d4                system_init
 .text.atomic_enter_critical
                0x00000838        0xe hal/src/hal_atomic.o
                0x00000838                atomic_enter_critical
 .text.atomic_leave_critical
                0x00000846        0xc hal/src/hal_atomic.o
                0x00000846                atomic_leave_critical
 .text.i2c_s_async_error
                0x00000852        0xc hal/src/hal_i2c_s_async.o
 .text.i2c_s_async_amatch
                0x0000085e        0xc hal/src/hal_i2c_s_async.o
 .text.i2c_s_async_prec
                0x0000086a        0xc hal/src/hal_i2c_s_async.o
 *fill*         0x00000876        0x2 
 .text.i2c_s_async_byte_received
                0x00000878       0x1c hal/src/hal_i2c_s_async.o
 .text.i2c_s_async_tx
                0x00000894       0x44 hal/src/hal_i2c_s_async.o
 .text.i2c_s_async_write
                0x000008d8       0x58 hal/src/hal_i2c_s_async.o
 .text.i2c_s_async_read
                0x00000930       0xe0 hal/src/hal_i2c_s_async.o
 .text.i2c_s_async_init
                0x00000a10       0xa8 hal/src/hal_i2c_s_async.o
                0x00000a10                i2c_s_async_init
 .text.i2c_s_async_enable
                0x00000ab8       0x5c hal/src/hal_i2c_s_async.o
                0x00000ab8                i2c_s_async_enable
 .text.i2c_s_async_set_addr
                0x00000b14       0x44 hal/src/hal_i2c_s_async.o
                0x00000b14                i2c_s_async_set_addr
 .text.i2c_s_async_register_callback
                0x00000b58       0x58 hal/src/hal_i2c_s_async.o
                0x00000b58                i2c_s_async_register_callback
 .text.i2c_s_async_get_io_descriptor
                0x00000bb0       0x30 hal/src/hal_i2c_s_async.o
                0x00000bb0                i2c_s_async_get_io_descriptor
 .text.io_write
                0x00000be0       0x34 hal/src/hal_io.o
                0x00000be0                io_write
 .text.io_read  0x00000c14       0x34 hal/src/hal_io.o
                0x00000c14                io_read
 .text.pwm_period_expired
                0x00000c48        0xc hal/src/hal_pwm.o
 .text.pwm_detect_fault
                0x00000c54        0xc hal/src/hal_pwm.o
 .text.pwm_init
                0x00000c60       0x4c hal/src/hal_pwm.o
                0x00000c60                pwm_init
 .text.timer_add_timer_task
                0x00000cac       0x70 hal/src/hal_timer.o
 .text.timer_process_counted
                0x00000d1c       0x8c hal/src/hal_timer.o
 .text.timer_init
                0x00000da8       0x44 hal/src/hal_timer.o
                0x00000da8                timer_init
 .text.timer_start
                0x00000dec       0x3c hal/src/hal_timer.o
                0x00000dec                timer_start
 .text.timer_add_task
                0x00000e28       0xac hal/src/hal_timer.o
                0x00000e28                timer_add_task
 .text.assert   0x00000ed4        0x8 hal/utils/src/utils_assert.o
                0x00000ed4                assert
 .text.is_list_element
                0x00000edc       0x24 hal/utils/src/utils_list.o
                0x00000edc                is_list_element
 .text.list_insert_as_head
                0x00000f00       0x2c hal/utils/src/utils_list.o
                0x00000f00                list_insert_as_head
 .text.list_insert_after
                0x00000f2c        0x8 hal/utils/src/utils_list.o
                0x00000f2c                list_insert_after
 .text.list_remove_head
                0x00000f34        0xe hal/utils/src/utils_list.o
                0x00000f34                list_remove_head
 *fill*         0x00000f42        0x2 
 .text.ringbuffer_init
                0x00000f44       0x54 hal/utils/src/utils_ringbuffer.o
                0x00000f44                ringbuffer_init
 .text.ringbuffer_get
                0x00000f98       0x48 hal/utils/src/utils_ringbuffer.o
                0x00000f98                ringbuffer_get
 .text.ringbuffer_put
                0x00000fe0       0x40 hal/utils/src/utils_ringbuffer.o
                0x00000fe0                ringbuffer_put
 .text.ringbuffer_num
                0x00001020       0x24 hal/utils/src/utils_ringbuffer.o
                0x00001020                ringbuffer_num
 .text._init_chip
                0x00001044       0x38 hpl/core/hpl_init.o
                0x00001044                _init_chip
 .text._gclk_init_generators_by_fref
                0x0000107c       0x5c hpl/gclk/hpl_gclk.o
                0x0000107c                _gclk_init_generators_by_fref
 .text._pm_init
                0x000010d8       0x20 hpl/pm/hpl_pm.o
                0x000010d8                _pm_init
 .text._timer_init
                0x000010f8       0x5c hpl/rtc/hpl_rtc.o
                0x000010f8                _timer_init
 .text._timer_start
                0x00001154       0x54 hpl/rtc/hpl_rtc.o
                0x00001154                _timer_start
 .text._timer_is_started
                0x000011a8       0x10 hpl/rtc/hpl_rtc.o
                0x000011a8                _timer_is_started
 .text._timer_set_irq
                0x000011b8        0x2 hpl/rtc/hpl_rtc.o
                0x000011b8                _timer_set_irq
 .text._rtc_get_timer
                0x000011ba        0x4 hpl/rtc/hpl_rtc.o
                0x000011ba                _rtc_get_timer
 *fill*         0x000011be        0x2 
 .text.RTC_Handler
                0x000011c0       0x24 hpl/rtc/hpl_rtc.o
                0x000011c0                RTC_Handler
 .text._i2c_s_set_address
                0x000011e4       0x6c hpl/sercom/hpl_sercom.o
 .text._i2c_s_init
                0x00001250       0x90 hpl/sercom/hpl_sercom.o
 .text._i2c_s_async_init
                0x000012e0       0x88 hpl/sercom/hpl_sercom.o
                0x000012e0                _i2c_s_async_init
 .text._i2c_s_async_enable
                0x00001368       0x16 hpl/sercom/hpl_sercom.o
                0x00001368                _i2c_s_async_enable
 .text._i2c_s_async_is_10bit_addressing_on
                0x0000137e        0xa hpl/sercom/hpl_sercom.o
                0x0000137e                _i2c_s_async_is_10bit_addressing_on
 .text._i2c_s_async_set_address
                0x00001388       0x10 hpl/sercom/hpl_sercom.o
                0x00001388                _i2c_s_async_set_address
 .text._i2c_s_async_write_byte
                0x00001398        0x8 hpl/sercom/hpl_sercom.o
                0x00001398                _i2c_s_async_write_byte
 .text._i2c_s_async_set_irq_state
                0x000013a0       0x80 hpl/sercom/hpl_sercom.o
                0x000013a0                _i2c_s_async_set_irq_state
 .text.SERCOM1_Handler
                0x00001420       0x94 hpl/sercom/hpl_sercom.o
                0x00001420                SERCOM1_Handler
 .text._sysctrl_init_sources
                0x000014b4       0x48 hpl/sysctrl/hpl_sysctrl.o
                0x000014b4                _sysctrl_init_sources
 .text._sysctrl_init_referenced_generators
                0x000014fc       0x84 hpl/sysctrl/hpl_sysctrl.o
                0x000014fc                _sysctrl_init_referenced_generators
 .text._tcc_start_pwm
                0x00001580       0x14 hpl/tcc/hpl_tcc.o
                0x00001580                _tcc_start_pwm
 .text._tcc_stop_pwm
                0x00001594       0x14 hpl/tcc/hpl_tcc.o
                0x00001594                _tcc_stop_pwm
 .text._tcc_pwm_get_period
                0x000015a8       0x10 hpl/tcc/hpl_tcc.o
                0x000015a8                _tcc_pwm_get_period
 .text._tcc_is_pwm_enabled
                0x000015b8       0x12 hpl/tcc/hpl_tcc.o
                0x000015b8                _tcc_is_pwm_enabled
 .text.tcc_pwm_interrupt_handler
                0x000015ca       0x2e hpl/tcc/hpl_tcc.o
 .text._get_tcc_pwm_cfg
                0x000015f8       0x38 hpl/tcc/hpl_tcc.o
 .text._tcc_pwm_init
                0x00001630      0x20c hpl/tcc/hpl_tcc.o
                0x00001630                _tcc_pwm_init
 .text._tcc_pwm_deinit
                0x0000183c       0x54 hpl/tcc/hpl_tcc.o
                0x0000183c                _tcc_pwm_deinit
 .text._tcc_set_pwm_param
                0x00001890       0x38 hpl/tcc/hpl_tcc.o
                0x00001890                _tcc_set_pwm_param
 .text._tcc_pwm_get_duty
                0x000018c8       0x48 hpl/tcc/hpl_tcc.o
                0x000018c8                _tcc_pwm_get_duty
 .text._tcc_pwm_set_irq_state
                0x00001910       0x50 hpl/tcc/hpl_tcc.o
                0x00001910                _tcc_pwm_set_irq_state
 .text._tcc_get_pwm
                0x00001960        0xc hpl/tcc/hpl_tcc.o
                0x00001960                _tcc_get_pwm
 .text.TCC0_Handler
                0x0000196c       0x14 hpl/tcc/hpl_tcc.o
                0x0000196c                TCC0_Handler
 .text.TCC1_Handler
                0x00001980       0x14 hpl/tcc/hpl_tcc.o
                0x00001980                TCC1_Handler
 .text.TCC2_Handler
                0x00001994       0x14 hpl/tcc/hpl_tcc.o
                0x00001994                TCC2_Handler
 .text._tc_start_pwm
                0x000019a8        0xc hpl/tc/hpl_tc.o
                0x000019a8                _tc_start_pwm
 .text._tc_stop_pwm
                0x000019b4        0xc hpl/tc/hpl_tc.o
                0x000019b4                _tc_stop_pwm
 .text._tc_is_pwm_enabled
                0x000019c0        0xa hpl/tc/hpl_tc.o
                0x000019c0                _tc_is_pwm_enabled
 .text.tc_pwm_interrupt_handler
                0x000019ca       0x2e hpl/tc/hpl_tc.o
 .text._tc_pwm_deinit
                0x000019f8       0x40 hpl/tc/hpl_tc.o
                0x000019f8                _tc_pwm_deinit
 .text._tc_pwm_set_irq_state
                0x00001a38       0x50 hpl/tc/hpl_tc.o
                0x00001a38                _tc_pwm_set_irq_state
 .text.get_tc_index
                0x00001a88       0x54 hpl/tc/hpl_tc.o
 .text._tc_pwm_init
                0x00001adc      0x10c hpl/tc/hpl_tc.o
                0x00001adc                _tc_pwm_init
 .text._tc_set_pwm_param
                0x00001be8       0x40 hpl/tc/hpl_tc.o
                0x00001be8                _tc_set_pwm_param
 .text._tc_pwm_get_period
                0x00001c28       0x30 hpl/tc/hpl_tc.o
                0x00001c28                _tc_pwm_get_period
 .text._tc_pwm_get_duty
                0x00001c58       0x44 hpl/tc/hpl_tc.o
                0x00001c58                _tc_pwm_get_duty
 .text._tc_get_pwm
                0x00001c9c        0xc hpl/tc/hpl_tc.o
                0x00001c9c                _tc_get_pwm
 .text.TC3_Handler
                0x00001ca8       0x14 hpl/tc/hpl_tc.o
                0x00001ca8                TC3_Handler
 .text.TC4_Handler
                0x00001cbc       0x14 hpl/tc/hpl_tc.o
                0x00001cbc                TC4_Handler
 .text.TC5_Handler
                0x00001cd0       0x14 hpl/tc/hpl_tc.o
                0x00001cd0                TC5_Handler
 .text._wdt_init
                0x00001ce4       0x6c hpl/wdt/hpl_wdt.o
                0x00001ce4                _wdt_init
 .text.I2C_0_error
                0x00001d50       0x24 i2c-cmd-handler.o
 .text.I2C_0_tx_pending
                0x00001d74       0x34 i2c-cmd-handler.o
 .text.i2cFailure
                0x00001da8        0xc i2c-cmd-handler.o
                0x00001da8                i2cFailure
 .text.geti2cAddress
                0x00001db4       0x9c i2c-cmd-handler.o
                0x00001db4                geti2cAddress
 .text.I2C_0_prec
                0x00001e50       0x90 i2c-cmd-handler.o
 .text.i2cCommandHandlerInit
                0x00001ee0       0x64 i2c-cmd-handler.o
                0x00001ee0                i2cCommandHandlerInit
 .text.i2cSWReset
                0x00001f44       0x20 i2c-cmd-handler.o
                0x00001f44                i2cSWReset
 .text.main     0x00001f64       0x34 main.o
                0x00001f64                main
 .text.getLatchedSwitchesBlockState
                0x00001f98       0x48 switch-handler.o
                0x00001f98                getLatchedSwitchesBlockState
 .text.switchHandlerInit
                0x00001fe0       0x54 switch-handler.o
                0x00001fe0                switchHandlerInit
 .text.updateSwitch
                0x00002034       0x48 switch-handler.o
                0x00002034                updateSwitch
 .text.switchHandler
                0x0000207c       0x80 switch-handler.o
                0x0000207c                switchHandler
 .text.LEDTimerCB
                0x000020fc       0x44 timer.o
 .text.timerInit
                0x00002140       0x34 timer.o
                0x00002140                timerInit
 .text          0x00002174      0x114 c:/program files (x86)/atmel/studio/7.0/toolchain/arm/arm-gnu-toolchain/bin/../lib/gcc/arm-none-eabi/6.3.1/thumb/v6-m\libgcc.a(_udivsi3.o)
                0x00002174                __aeabi_uidiv
                0x00002174                __udivsi3
                0x00002280                __aeabi_uidivmod
 .text          0x00002288        0x4 c:/program files (x86)/atmel/studio/7.0/toolchain/arm/arm-gnu-toolchain/bin/../lib/gcc/arm-none-eabi/6.3.1/thumb/v6-m\libgcc.a(_dvmd_tls.o)
                0x00002288                __aeabi_idiv0
                0x00002288                __aeabi_ldiv0
 .text.__libc_init_array
                0x0000228c       0x48 c:/program files (x86)/atmel/studio/7.0/toolchain/arm/arm-gnu-toolchain/bin/../lib/gcc/arm-none-eabi/6.3.1/../../../../arm-none-eabi/lib/thumb/v6-m\libc_nano.a(lib_a-init.o)
                0x0000228c                __libc_init_array
 *(.glue_7t)
 .glue_7t       0x000022d4        0x0 linker stubs
 *(.glue_7)
 .glue_7        0x000022d4        0x0 linker stubs
 *(.rodata .rodata* .gnu.linkonce.r.*)
 .rodata.str1.4
                0x000022d4       0x19 driver_init.o
 *fill*         0x000022ed        0x3 
 .rodata        0x000022f0       0x18 hal/src/hal_i2c_s_async.o
 .rodata.str1.4
                0x00002308       0x1d hal/src/hal_i2c_s_async.o
 *fill*         0x00002325        0x3 
 .rodata.str1.4
                0x00002328       0x14 hal/src/hal_io.o
 .rodata.str1.4
                0x0000233c       0x15 hal/src/hal_pwm.o
 *fill*         0x00002351        0x3 
 .rodata.str1.4
                0x00002354       0x17 hal/src/hal_timer.o
 *fill*         0x0000236b        0x1 
 .rodata.str1.4
                0x0000236c       0x1e hal/utils/src/utils_list.o
 *fill*         0x0000238a        0x2 
 .rodata.str1.4
                0x0000238c       0x24 hal/utils/src/utils_ringbuffer.o
 .rodata.str1.4
                0x000023b0       0x15 hpl/rtc/hpl_rtc.o
 *fill*         0x000023c5        0x3 
 .rodata.str1.4
                0x000023c8       0x1b hpl/sercom/hpl_sercom.o
 *fill*         0x000023e3        0x1 
 .rodata.str1.4
                0x000023e4       0x15 hpl/tcc/hpl_tcc.o
 *fill*         0x000023f9        0x3 
 .rodata.str1.4
                0x000023fc       0x13 hpl/tc/hpl_tc.o
 *fill*         0x0000240f        0x1 
 .rodata.str1.4
                0x00002410       0x18 hpl/wdt/hpl_wdt.o
                                 0x15 (size before relaxing)
 *(.ARM.extab* .gnu.linkonce.armextab.*)
                0x00002428                . = ALIGN (0x4)
 *(.init)
 .init          0x00002428        0x4 c:/program files (x86)/atmel/studio/7.0/toolchain/arm/arm-gnu-toolchain/bin/../lib/gcc/arm-none-eabi/6.3.1/thumb/v6-m/crti.o
                0x00002428                _init
 .init          0x0000242c        0x8 c:/program files (x86)/atmel/studio/7.0/toolchain/arm/arm-gnu-toolchain/bin/../lib/gcc/arm-none-eabi/6.3.1/thumb/v6-m/crtn.o
                0x00002434                . = ALIGN (0x4)
                0x00002434                __preinit_array_start = .
 *(.preinit_array)
                0x00002434                __preinit_array_end = .
                0x00002434                . = ALIGN (0x4)
                0x00002434                __init_array_start = .
 *(SORT(.init_array.*))
 *(.init_array)
 .init_array    0x00002434        0x4 c:/program files (x86)/atmel/studio/7.0/toolchain/arm/arm-gnu-toolchain/bin/../lib/gcc/arm-none-eabi/6.3.1/thumb/v6-m/crtbegin.o
                0x00002438                __init_array_end = .
                0x00002438                . = ALIGN (0x4)
 *crtbegin.o(.ctors)
 *(EXCLUDE_FILE(*crtend.o) .ctors)
 *(SORT(.ctors.*))
 *crtend.o(.ctors)
                0x00002438                . = ALIGN (0x4)
 *(.fini)
 .fini          0x00002438        0x4 c:/program files (x86)/atmel/studio/7.0/toolchain/arm/arm-gnu-toolchain/bin/../lib/gcc/arm-none-eabi/6.3.1/thumb/v6-m/crti.o
                0x00002438                _fini
 .fini          0x0000243c        0x8 c:/program files (x86)/atmel/studio/7.0/toolchain/arm/arm-gnu-toolchain/bin/../lib/gcc/arm-none-eabi/6.3.1/thumb/v6-m/crtn.o
                0x00002444                . = ALIGN (0x4)
                0x00002444                __fini_array_start = .
 *(.fini_array)
 .fini_array    0x00002444        0x4 c:/program files (x86)/atmel/studio/7.0/toolchain/arm/arm-gnu-toolchain/bin/../lib/gcc/arm-none-eabi/6.3.1/thumb/v6-m/crtbegin.o
 *(SORT(.fini_array.*))
                0x00002448                __fini_array_end = .
 *crtbegin.o(.dtors)
 *(EXCLUDE_FILE(*crtend.o) .dtors)
 *(SORT(.dtors.*))
 *crtend.o(.dtors)
                0x00002448                . = ALIGN (0x4)
                0x00002448                _efixed = .
                [!provide]                PROVIDE (__exidx_start, .)

.vfp11_veneer   0x00002448        0x0
 .vfp11_veneer  0x00002448        0x0 linker stubs

.v4_bx          0x00002448        0x0
 .v4_bx         0x00002448        0x0 linker stubs

.iplt           0x00002448        0x0
 .iplt          0x00002448        0x0 c:/program files (x86)/atmel/studio/7.0/toolchain/arm/arm-gnu-toolchain/bin/../lib/gcc/arm-none-eabi/6.3.1/thumb/v6-m/crtbegin.o

.eh_frame       0x00002448        0x0
 .eh_frame      0x00002448        0x0 c:/program files (x86)/atmel/studio/7.0/toolchain/arm/arm-gnu-toolchain/bin/../lib/gcc/arm-none-eabi/6.3.1/thumb/v6-m/crtbegin.o

.rel.dyn        0x00002448        0x0
 .rel.iplt      0x00002448        0x0 c:/program files (x86)/atmel/studio/7.0/toolchain/arm/arm-gnu-toolchain/bin/../lib/gcc/arm-none-eabi/6.3.1/thumb/v6-m/crtbegin.o

.jcr            0x00002448        0x0
 .jcr           0x00002448        0x0 c:/program files (x86)/atmel/studio/7.0/toolchain/arm/arm-gnu-toolchain/bin/../lib/gcc/arm-none-eabi/6.3.1/thumb/v6-m/crtbegin.o

.igot.plt       0x00002448        0x0
 .igot.plt      0x00002448        0x0 c:/program files (x86)/atmel/studio/7.0/toolchain/arm/arm-gnu-toolchain/bin/../lib/gcc/arm-none-eabi/6.3.1/thumb/v6-m/crtbegin.o

.ARM.exidx
 *(.ARM.exidx* .gnu.linkonce.armexidx.*)
                [!provide]                PROVIDE (__exidx_end, .)
                0x00002448                . = ALIGN (0x4)
                0x00002448                _etext = .

.relocate       0x20000000      0x13c load address 0x00002448
                0x20000000                . = ALIGN (0x4)
                0x20000000                _srelocate = .
 *(.ramfunc .ramfunc.*)
 *(.data .data.*)
 .data          0x20000000       0xd8 hpl/tcc/hpl_tcc.o
 .data          0x200000d8       0x60 hpl/tc/hpl_tc.o
 .data          0x20000138        0x2 i2c-cmd-handler.o
                0x20000138                result
 .data          0x2000013a        0x2 switch-handler.o
                0x2000013a                debounceRetries
                0x2000013c                . = ALIGN (0x4)
                0x2000013c                _erelocate = .

.bss            0x2000013c      0x25c load address 0x00002584
                0x2000013c                . = ALIGN (0x4)
                0x2000013c                _sbss = .
                0x2000013c                _szero = .
 *(.bss .bss.*)
 .bss           0x2000013c       0x1c c:/program files (x86)/atmel/studio/7.0/toolchain/arm/arm-gnu-toolchain/bin/../lib/gcc/arm-none-eabi/6.3.1/thumb/v6-m/crtbegin.o
 .bss           0x20000158        0x4 hpl/rtc/hpl_rtc.o
 .bss           0x2000015c        0x4 hpl/sercom/hpl_sercom.o
 .bss           0x20000160        0xc hpl/tcc/hpl_tcc.o
 .bss           0x2000016c        0xc hpl/tc/hpl_tc.o
 .bss           0x20000178        0x9 i2c-cmd-handler.o
                0x20000178                i2cFailed
                0x20000180                dataIndex
 *fill*         0x20000181        0x3 
 .bss           0x20000184       0x14 switch-handler.o
 .bss           0x20000198       0x18 timer.o
                0x20000198                numTimers
 *(COMMON)
 COMMON         0x200001b0      0x148 driver_init.o
                0x200001b0                PWM_3
                0x200001d0                PWM_5
                0x200001f0                PWM_0
                0x20000210                PWM_2
                0x20000230                WDT_0
                0x20000234                PWM_4
                0x20000254                SERCOM1_i2c_s_buffer
                0x20000264                PWM_1
                0x20000284                I2C_0
                0x200002dc                TIMER_0
 COMMON         0x200002f8       0x44 i2c-cmd-handler.o
                0x200002f8                dOut
                0x200002fc                data
 COMMON         0x2000033c       0x18 switch-handler.o
                0x2000033c                switches
 COMMON         0x20000354       0x44 timer.o
                0x20000354                timers
                0x20000394                delayTimer
                0x20000398                . = ALIGN (0x4)
                0x20000398                _ebss = .
                0x20000398                _ezero = .

.stack          0x20000398     0x1000 load address 0x000027e0
                0x20000398                . = ALIGN (0x8)
                0x20000398                _sstack = .
                0x20001398                . = (. + STACK_SIZE)
 *fill*         0x20000398     0x1000 
                0x20001398                . = ALIGN (0x8)
                0x20001398                _estack = .
                0x20001398                . = ALIGN (0x4)
                0x20001398                _end = .
OUTPUT(coil-driver-firmware.elf elf32-littlearm)

.ARM.attributes
                0x00000000       0x28
 .ARM.attributes
                0x00000000       0x1e c:/program files (x86)/atmel/studio/7.0/toolchain/arm/arm-gnu-toolchain/bin/../lib/gcc/arm-none-eabi/6.3.1/thumb/v6-m/crti.o
 .ARM.attributes
                0x0000001e       0x2c c:/program files (x86)/atmel/studio/7.0/toolchain/arm/arm-gnu-toolchain/bin/../lib/gcc/arm-none-eabi/6.3.1/thumb/v6-m/crtbegin.o
 .ARM.attributes
                0x0000004a       0x32 atmel_start.o
 .ARM.attributes
                0x0000007c       0x32 Device_Startup/startup_samd21.o
 .ARM.attributes
                0x000000ae       0x32 driver_init.o
 .ARM.attributes
                0x000000e0       0x32 hal/src/hal_atomic.o
 .ARM.attributes
                0x00000112       0x32 hal/src/hal_i2c_s_async.o
 .ARM.attributes
                0x00000144       0x32 hal/src/hal_io.o
 .ARM.attributes
                0x00000176       0x32 hal/src/hal_pwm.o
 .ARM.attributes
                0x000001a8       0x32 hal/src/hal_timer.o
 .ARM.attributes
                0x000001da       0x32 hal/utils/src/utils_assert.o
 .ARM.attributes
                0x0000020c       0x32 hal/utils/src/utils_list.o
 .ARM.attributes
                0x0000023e       0x32 hal/utils/src/utils_ringbuffer.o
 .ARM.attributes
                0x00000270       0x32 hpl/core/hpl_init.o
 .ARM.attributes
                0x000002a2       0x32 hpl/gclk/hpl_gclk.o
 .ARM.attributes
                0x000002d4       0x32 hpl/pm/hpl_pm.o
 .ARM.attributes
                0x00000306       0x32 hpl/rtc/hpl_rtc.o
 .ARM.attributes
                0x00000338       0x32 hpl/sercom/hpl_sercom.o
 .ARM.attributes
                0x0000036a       0x32 hpl/sysctrl/hpl_sysctrl.o
 .ARM.attributes
                0x0000039c       0x32 hpl/tcc/hpl_tcc.o
 .ARM.attributes
                0x000003ce       0x32 hpl/tc/hpl_tc.o
 .ARM.attributes
                0x00000400       0x32 hpl/wdt/hpl_wdt.o
 .ARM.attributes
                0x00000432       0x32 i2c-cmd-handler.o
 .ARM.attributes
                0x00000464       0x32 main.o
 .ARM.attributes
                0x00000496       0x32 switch-handler.o
 .ARM.attributes
                0x000004c8       0x32 timer.o
 .ARM.attributes
                0x000004fa       0x1e c:/program files (x86)/atmel/studio/7.0/toolchain/arm/arm-gnu-toolchain/bin/../lib/gcc/arm-none-eabi/6.3.1/thumb/v6-m\libgcc.a(_udivsi3.o)
 .ARM.attributes
                0x00000518       0x1e c:/program files (x86)/atmel/studio/7.0/toolchain/arm/arm-gnu-toolchain/bin/../lib/gcc/arm-none-eabi/6.3.1/thumb/v6-m\libgcc.a(_dvmd_tls.o)
 .ARM.attributes
                0x00000536       0x2c c:/program files (x86)/atmel/studio/7.0/toolchain/arm/arm-gnu-toolchain/bin/../lib/gcc/arm-none-eabi/6.3.1/../../../../arm-none-eabi/lib/thumb/v6-m\libc_nano.a(lib_a-init.o)
 .ARM.attributes
                0x00000562       0x1e c:/program files (x86)/atmel/studio/7.0/toolchain/arm/arm-gnu-toolchain/bin/../lib/gcc/arm-none-eabi/6.3.1/thumb/v6-m/crtn.o

.comment        0x00000000       0x59
 .comment       0x00000000       0x59 atmel_start.o
                                 0x5a (size before relaxing)
 .comment       0x00000059       0x5a Device_Startup/startup_samd21.o
 .comment       0x00000059       0x5a driver_init.o
 .comment       0x00000059       0x5a hal/src/hal_atomic.o
 .comment       0x00000059       0x5a hal/src/hal_i2c_s_async.o
 .comment       0x00000059       0x5a hal/src/hal_io.o
 .comment       0x00000059       0x5a hal/src/hal_pwm.o
 .comment       0x00000059       0x5a hal/src/hal_timer.o
 .comment       0x00000059       0x5a hal/utils/src/utils_assert.o
 .comment       0x00000059       0x5a hal/utils/src/utils_list.o
 .comment       0x00000059       0x5a hal/utils/src/utils_ringbuffer.o
 .comment       0x00000059       0x5a hpl/core/hpl_init.o
 .comment       0x00000059       0x5a hpl/gclk/hpl_gclk.o
 .comment       0x00000059       0x5a hpl/pm/hpl_pm.o
 .comment       0x00000059       0x5a hpl/rtc/hpl_rtc.o
 .comment       0x00000059       0x5a hpl/sercom/hpl_sercom.o
 .comment       0x00000059       0x5a hpl/sysctrl/hpl_sysctrl.o
 .comment       0x00000059       0x5a hpl/tcc/hpl_tcc.o
 .comment       0x00000059       0x5a hpl/tc/hpl_tc.o
 .comment       0x00000059       0x5a hpl/wdt/hpl_wdt.o
 .comment       0x00000059       0x5a i2c-cmd-handler.o
 .comment       0x00000059       0x5a main.o
 .comment       0x00000059       0x5a switch-handler.o
 .comment       0x00000059       0x5a timer.o

.debug_info     0x00000000    0x329dd
 .debug_info    0x00000000      0x81e atmel_start.o
 .debug_info    0x0000081e     0x3a28 Device_Startup/startup_samd21.o
 .debug_info    0x00004246     0xed01 driver_init.o
 .debug_info    0x00012f47      0x1d1 hal/src/hal_atomic.o
 .debug_info    0x00013118      0xfed hal/src/hal_i2c_s_async.o
 .debug_info    0x00014105      0x2b2 hal/src/hal_io.o
 .debug_info    0x000143b7      0x718 hal/src/hal_pwm.o
 .debug_info    0x00014acf      0xbb7 hal/src/hal_timer.o
 .debug_info    0x00015686      0x107 hal/utils/src/utils_assert.o
 .debug_info    0x0001578d      0x310 hal/utils/src/utils_list.o
 .debug_info    0x00015a9d      0x313 hal/utils/src/utils_ringbuffer.o
 .debug_info    0x00015db0      0x68a hpl/core/hpl_init.o
 .debug_info    0x0001643a      0x679 hpl/gclk/hpl_gclk.o
 .debug_info    0x00016ab3      0xc6d hpl/pm/hpl_pm.o
 .debug_info    0x00017720     0x2063 hpl/rtc/hpl_rtc.o
 .debug_info    0x00019783     0xb716 hpl/sercom/hpl_sercom.o
 .debug_info    0x00024e99     0x19bf hpl/sysctrl/hpl_sysctrl.o
 .debug_info    0x00026858     0x37cc hpl/tcc/hpl_tcc.o
 .debug_info    0x0002a024     0x21ff hpl/tc/hpl_tc.o
 .debug_info    0x0002c223      0xc6b hpl/wdt/hpl_wdt.o
 .debug_info    0x0002ce8e     0x33e0 i2c-cmd-handler.o
 .debug_info    0x0003026e      0x883 main.o
 .debug_info    0x00030af1     0x1460 switch-handler.o
 .debug_info    0x00031f51      0xa8c timer.o

.debug_abbrev   0x00000000     0x3abb
 .debug_abbrev  0x00000000      0x104 atmel_start.o
 .debug_abbrev  0x00000104      0x234 Device_Startup/startup_samd21.o
 .debug_abbrev  0x00000338      0x3a6 driver_init.o
 .debug_abbrev  0x000006de      0x144 hal/src/hal_atomic.o
 .debug_abbrev  0x00000822      0x20f hal/src/hal_i2c_s_async.o
 .debug_abbrev  0x00000a31      0x115 hal/src/hal_io.o
 .debug_abbrev  0x00000b46      0x180 hal/src/hal_pwm.o
 .debug_abbrev  0x00000cc6      0x221 hal/src/hal_timer.o
 .debug_abbrev  0x00000ee7       0x86 hal/utils/src/utils_assert.o
 .debug_abbrev  0x00000f6d      0x159 hal/utils/src/utils_list.o
 .debug_abbrev  0x000010c6      0x101 hal/utils/src/utils_ringbuffer.o
 .debug_abbrev  0x000011c7      0x1d9 hpl/core/hpl_init.o
 .debug_abbrev  0x000013a0      0x1c3 hpl/gclk/hpl_gclk.o
 .debug_abbrev  0x00001563      0x211 hpl/pm/hpl_pm.o
 .debug_abbrev  0x00001774      0x3cf hpl/rtc/hpl_rtc.o
 .debug_abbrev  0x00001b43      0x59c hpl/sercom/hpl_sercom.o
 .debug_abbrev  0x000020df      0x285 hpl/sysctrl/hpl_sysctrl.o
 .debug_abbrev  0x00002364      0x4fd hpl/tcc/hpl_tcc.o
 .debug_abbrev  0x00002861      0x4e4 hpl/tc/hpl_tc.o
 .debug_abbrev  0x00002d45      0x330 hpl/wdt/hpl_wdt.o
 .debug_abbrev  0x00003075      0x3e8 i2c-cmd-handler.o
 .debug_abbrev  0x0000345d      0x106 main.o
 .debug_abbrev  0x00003563      0x35a switch-handler.o
 .debug_abbrev  0x000038bd      0x1fe timer.o

.debug_loc      0x00000000     0xf550
 .debug_loc     0x00000000       0x20 atmel_start.o
 .debug_loc     0x00000020       0x40 Device_Startup/startup_samd21.o
 .debug_loc     0x00000060     0x2082 driver_init.o
 .debug_loc     0x000020e2       0x13 hal/src/hal_atomic.o
 .debug_loc     0x000020f5      0xcf9 hal/src/hal_i2c_s_async.o
 .debug_loc     0x00002dee      0x18a hal/src/hal_io.o
 .debug_loc     0x00002f78      0x47b hal/src/hal_pwm.o
 .debug_loc     0x000033f3      0x761 hal/src/hal_timer.o
 .debug_loc     0x00003b54      0x271 hal/utils/src/utils_list.o
 .debug_loc     0x00003dc5      0x2d1 hal/utils/src/utils_ringbuffer.o
 .debug_loc     0x00004096       0x4c hpl/core/hpl_init.o
 .debug_loc     0x000040e2      0x27c hpl/gclk/hpl_gclk.o
 .debug_loc     0x0000435e      0x11b hpl/pm/hpl_pm.o
 .debug_loc     0x00004479      0x4c4 hpl/rtc/hpl_rtc.o
 .debug_loc     0x0000493d     0x8233 hpl/sercom/hpl_sercom.o
 .debug_loc     0x0000cb70      0x2ac hpl/sysctrl/hpl_sysctrl.o
 .debug_loc     0x0000ce1c      0xbe2 hpl/tcc/hpl_tcc.o
 .debug_loc     0x0000d9fe      0xa61 hpl/tc/hpl_tc.o
 .debug_loc     0x0000e45f      0x75d hpl/wdt/hpl_wdt.o
 .debug_loc     0x0000ebbc      0x47b i2c-cmd-handler.o
 .debug_loc     0x0000f037       0x20 main.o
 .debug_loc     0x0000f057      0x3bd switch-handler.o
 .debug_loc     0x0000f414      0x13c timer.o

.debug_aranges  0x00000000      0xc00
 .debug_aranges
                0x00000000       0x20 atmel_start.o
 .debug_aranges
                0x00000020       0x28 Device_Startup/startup_samd21.o
 .debug_aranges
                0x00000048       0xd8 driver_init.o
 .debug_aranges
                0x00000120       0x30 hal/src/hal_atomic.o
 .debug_aranges
                0x00000150       0xb8 hal/src/hal_i2c_s_async.o
 .debug_aranges
                0x00000208       0x30 hal/src/hal_io.o
 .debug_aranges
                0x00000238       0x60 hal/src/hal_pwm.o
 .debug_aranges
                0x00000298       0x70 hal/src/hal_timer.o
 .debug_aranges
                0x00000308       0x20 hal/utils/src/utils_assert.o
 .debug_aranges
                0x00000328       0x48 hal/utils/src/utils_list.o
 .debug_aranges
                0x00000370       0x40 hal/utils/src/utils_ringbuffer.o
 .debug_aranges
                0x000003b0       0x20 hpl/core/hpl_init.o
 .debug_aranges
                0x000003d0       0x28 hpl/gclk/hpl_gclk.o
 .debug_aranges
                0x000003f8       0x30 hpl/pm/hpl_pm.o
 .debug_aranges
                0x00000428       0x68 hpl/rtc/hpl_rtc.o
 .debug_aranges
                0x00000490      0x4d0 hpl/sercom/hpl_sercom.o
 .debug_aranges
                0x00000960       0x28 hpl/sysctrl/hpl_sysctrl.o
 .debug_aranges
                0x00000988       0x98 hpl/tcc/hpl_tcc.o
 .debug_aranges
                0x00000a20       0x98 hpl/tc/hpl_tc.o
 .debug_aranges
                0x00000ab8       0x50 hpl/wdt/hpl_wdt.o
 .debug_aranges
                0x00000b08       0x50 i2c-cmd-handler.o
 .debug_aranges
                0x00000b58       0x20 main.o
 .debug_aranges
                0x00000b78       0x38 switch-handler.o
 .debug_aranges
                0x00000bb0       0x50 timer.o

.debug_ranges   0x00000000     0x1278
 .debug_ranges  0x00000000       0x10 atmel_start.o
 .debug_ranges  0x00000010       0x18 Device_Startup/startup_samd21.o
 .debug_ranges  0x00000028       0xc8 driver_init.o
 .debug_ranges  0x000000f0       0x20 hal/src/hal_atomic.o
 .debug_ranges  0x00000110       0xc8 hal/src/hal_i2c_s_async.o
 .debug_ranges  0x000001d8       0x20 hal/src/hal_io.o
 .debug_ranges  0x000001f8       0x50 hal/src/hal_pwm.o
 .debug_ranges  0x00000248       0xa8 hal/src/hal_timer.o
 .debug_ranges  0x000002f0       0x10 hal/utils/src/utils_assert.o
 .debug_ranges  0x00000300       0x58 hal/utils/src/utils_list.o
 .debug_ranges  0x00000358       0x30 hal/utils/src/utils_ringbuffer.o
 .debug_ranges  0x00000388       0x10 hpl/core/hpl_init.o
 .debug_ranges  0x00000398       0x18 hpl/gclk/hpl_gclk.o
 .debug_ranges  0x000003b0       0x20 hpl/pm/hpl_pm.o
 .debug_ranges  0x000003d0       0x58 hpl/rtc/hpl_rtc.o
 .debug_ranges  0x00000428      0xad8 hpl/sercom/hpl_sercom.o
 .debug_ranges  0x00000f00       0x60 hpl/sysctrl/hpl_sysctrl.o
 .debug_ranges  0x00000f60       0xd0 hpl/tcc/hpl_tcc.o
 .debug_ranges  0x00001030       0xf0 hpl/tc/hpl_tc.o
 .debug_ranges  0x00001120       0x40 hpl/wdt/hpl_wdt.o
 .debug_ranges  0x00001160       0x88 i2c-cmd-handler.o
 .debug_ranges  0x000011e8       0x10 main.o
 .debug_ranges  0x000011f8       0x40 switch-handler.o
 .debug_ranges  0x00001238       0x40 timer.o

.debug_macro    0x00000000    0x1925c
 .debug_macro   0x00000000      0x550 atmel_start.o
 .debug_macro   0x00000550      0x89e atmel_start.o
 .debug_macro   0x00000dee      0x16d atmel_start.o
 .debug_macro   0x00000f5b       0x22 atmel_start.o
 .debug_macro   0x00000f7d       0x87 atmel_start.o
 .debug_macro   0x00001004       0x51 atmel_start.o
 .debug_macro   0x00001055       0xef atmel_start.o
 .debug_macro   0x00001144       0x6a atmel_start.o
 .debug_macro   0x000011ae      0x1df atmel_start.o
 .debug_macro   0x0000138d       0x22 atmel_start.o
 .debug_macro   0x000013af       0x3f atmel_start.o
 .debug_macro   0x000013ee       0x1c atmel_start.o
 .debug_macro   0x0000140a       0x22 atmel_start.o
 .debug_macro   0x0000142c       0xb5 atmel_start.o
 .debug_macro   0x000014e1      0x3ad atmel_start.o
 .debug_macro   0x0000188e      0x67e atmel_start.o
 .debug_macro   0x00001f0c      0x8b1 atmel_start.o
 .debug_macro   0x000027bd      0x22e atmel_start.o
 .debug_macro   0x000029eb      0xd5c atmel_start.o
 .debug_macro   0x00003747      0x4dc atmel_start.o
 .debug_macro   0x00003c23      0x9f6 atmel_start.o
 .debug_macro   0x00004619      0x82b atmel_start.o
 .debug_macro   0x00004e44      0x45f atmel_start.o
 .debug_macro   0x000052a3       0x5e atmel_start.o
 .debug_macro   0x00005301      0x8f9 atmel_start.o
 .debug_macro   0x00005bfa      0x21c atmel_start.o
 .debug_macro   0x00005e16      0x735 atmel_start.o
 .debug_macro   0x0000654b       0x5e atmel_start.o
 .debug_macro   0x000065a9      0x632 atmel_start.o
 .debug_macro   0x00006bdb      0x3ac atmel_start.o
 .debug_macro   0x00006f87      0xc76 atmel_start.o
 .debug_macro   0x00007bfd     0x1092 atmel_start.o
 .debug_macro   0x00008c8f      0xc4a atmel_start.o
 .debug_macro   0x000098d9      0x6ba atmel_start.o
 .debug_macro   0x00009f93     0x1b3d atmel_start.o
 .debug_macro   0x0000bad0     0x143c atmel_start.o
 .debug_macro   0x0000cf0c      0x340 atmel_start.o
 .debug_macro   0x0000d24c       0x7c atmel_start.o
 .debug_macro   0x0000d2c8       0xa0 atmel_start.o
 .debug_macro   0x0000d368       0x4c atmel_start.o
 .debug_macro   0x0000d3b4       0xca atmel_start.o
 .debug_macro   0x0000d47e       0x94 atmel_start.o
 .debug_macro   0x0000d512       0x58 atmel_start.o
 .debug_macro   0x0000d56a      0x341 atmel_start.o
 .debug_macro   0x0000d8ab       0x82 atmel_start.o
 .debug_macro   0x0000d92d      0x189 atmel_start.o
 .debug_macro   0x0000dab6       0xb8 atmel_start.o
 .debug_macro   0x0000db6e       0xa0 atmel_start.o
 .debug_macro   0x0000dc0e       0xb2 atmel_start.o
 .debug_macro   0x0000dcc0       0x1c atmel_start.o
 .debug_macro   0x0000dcdc       0x1c atmel_start.o
 .debug_macro   0x0000dcf8       0x1c atmel_start.o
 .debug_macro   0x0000dd14       0x7c atmel_start.o
 .debug_macro   0x0000dd90      0x15a atmel_start.o
 .debug_macro   0x0000deea       0x10 atmel_start.o
 .debug_macro   0x0000defa       0xdc atmel_start.o
 .debug_macro   0x0000dfd6      0x124 atmel_start.o
 .debug_macro   0x0000e0fa      0x124 atmel_start.o
 .debug_macro   0x0000e21e      0x124 atmel_start.o
 .debug_macro   0x0000e342      0x124 atmel_start.o
 .debug_macro   0x0000e466      0x124 atmel_start.o
 .debug_macro   0x0000e58a       0xe2 atmel_start.o
 .debug_macro   0x0000e66c       0xe2 atmel_start.o
 .debug_macro   0x0000e74e       0xe2 atmel_start.o
 .debug_macro   0x0000e830      0x12a atmel_start.o
 .debug_macro   0x0000e95a      0x100 atmel_start.o
 .debug_macro   0x0000ea5a       0xf4 atmel_start.o
 .debug_macro   0x0000eb4e      0x40f atmel_start.o
 .debug_macro   0x0000ef5d       0x40 atmel_start.o
 .debug_macro   0x0000ef9d      0x35a atmel_start.o
 .debug_macro   0x0000f2f7     0x101b atmel_start.o
 .debug_macro   0x00010312       0x6d atmel_start.o
 .debug_macro   0x0001037f       0x10 atmel_start.o
 .debug_macro   0x0001038f       0x10 atmel_start.o
 .debug_macro   0x0001039f       0x16 atmel_start.o
 .debug_macro   0x000103b5       0x16 atmel_start.o
 .debug_macro   0x000103cb       0x16 atmel_start.o
 .debug_macro   0x000103e1       0x16 atmel_start.o
 .debug_macro   0x000103f7       0x16 atmel_start.o
 .debug_macro   0x0001040d       0x16 atmel_start.o
 .debug_macro   0x00010423       0x16 atmel_start.o
 .debug_macro   0x00010439       0x16 atmel_start.o
 .debug_macro   0x0001044f       0x16 atmel_start.o
 .debug_macro   0x00010465       0x16 atmel_start.o
 .debug_macro   0x0001047b       0x16 atmel_start.o
 .debug_macro   0x00010491       0x16 atmel_start.o
 .debug_macro   0x000104a7       0x16 atmel_start.o
 .debug_macro   0x000104bd       0x16 atmel_start.o
 .debug_macro   0x000104d3      0x4c3 atmel_start.o
 .debug_macro   0x00010996       0x94 atmel_start.o
 .debug_macro   0x00010a2a       0x16 atmel_start.o
 .debug_macro   0x00010a40       0x6a atmel_start.o
 .debug_macro   0x00010aaa      0x28c atmel_start.o
 .debug_macro   0x00010d36      0x4d8 atmel_start.o
 .debug_macro   0x0001120e       0x16 atmel_start.o
 .debug_macro   0x00011224       0xca atmel_start.o
 .debug_macro   0x000112ee       0x1c atmel_start.o
 .debug_macro   0x0001130a       0x16 atmel_start.o
 .debug_macro   0x00011320       0xc4 atmel_start.o
 .debug_macro   0x000113e4       0xc9 atmel_start.o
 .debug_macro   0x000114ad      0x2e8 Device_Startup/startup_samd21.o
 .debug_macro   0x00011795       0x39 Device_Startup/startup_samd21.o
 .debug_macro   0x000117ce      0x570 driver_init.o
 .debug_macro   0x00011d3e       0x96 driver_init.o
 .debug_macro   0x00011dd4      0x416 hal/src/hal_atomic.o
 .debug_macro   0x000121ea      0x468 hal/src/hal_i2c_s_async.o
 .debug_macro   0x00012652      0x429 hal/src/hal_io.o
 .debug_macro   0x00012a7b      0x446 hal/src/hal_pwm.o
 .debug_macro   0x00012ec1      0x45c hal/src/hal_timer.o
 .debug_macro   0x0001331d      0x41f hal/utils/src/utils_assert.o
 .debug_macro   0x0001373c       0x10 hal/utils/src/utils_assert.o
 .debug_macro   0x0001374c      0x423 hal/utils/src/utils_list.o
 .debug_macro   0x00013b6f      0x423 hal/utils/src/utils_ringbuffer.o
 .debug_macro   0x00013f92      0x490 hpl/core/hpl_init.o
 .debug_macro   0x00014422       0x2e hpl/core/hpl_init.o
 .debug_macro   0x00014450      0x6ec hpl/core/hpl_init.o
 .debug_macro   0x00014b3c      0x432 hpl/gclk/hpl_gclk.o
 .debug_macro   0x00014f6e      0x1f3 hpl/gclk/hpl_gclk.o
 .debug_macro   0x00015161      0x455 hpl/pm/hpl_pm.o
 .debug_macro   0x000155b6      0x45a hpl/rtc/hpl_rtc.o
 .debug_macro   0x00015a10       0x64 hpl/rtc/hpl_rtc.o
 .debug_macro   0x00015a74      0x65d hpl/sercom/hpl_sercom.o
 .debug_macro   0x000160d1       0x70 hpl/sercom/hpl_sercom.o
 .debug_macro   0x00016141       0x52 hpl/sercom/hpl_sercom.o
 .debug_macro   0x00016193       0x10 hpl/sercom/hpl_sercom.o
 .debug_macro   0x000161a3       0x1c hpl/sercom/hpl_sercom.o
 .debug_macro   0x000161bf       0x22 hpl/sercom/hpl_sercom.o
 .debug_macro   0x000161e1       0x10 hpl/sercom/hpl_sercom.o
 .debug_macro   0x000161f1      0x42c hpl/sysctrl/hpl_sysctrl.o
 .debug_macro   0x0001661d      0x2da hpl/sysctrl/hpl_sysctrl.o
 .debug_macro   0x000168f7      0x466 hpl/tcc/hpl_tcc.o
 .debug_macro   0x00016d5d      0x3bd hpl/tcc/hpl_tcc.o
 .debug_macro   0x0001711a      0x48a hpl/tc/hpl_tc.o
 .debug_macro   0x000175a4      0x172 hpl/tc/hpl_tc.o
 .debug_macro   0x00017716      0x484 hpl/wdt/hpl_wdt.o
 .debug_macro   0x00017b9a       0x1c hpl/wdt/hpl_wdt.o
 .debug_macro   0x00017bb6      0x575 i2c-cmd-handler.o
 .debug_macro   0x0001812b       0xb2 i2c-cmd-handler.o
 .debug_macro   0x000181dd       0x16 i2c-cmd-handler.o
 .debug_macro   0x000181f3      0x56f main.o
 .debug_macro   0x00018762       0x1c main.o
 .debug_macro   0x0001877e      0x584 switch-handler.o
 .debug_macro   0x00018d02      0x55a timer.o

.debug_line     0x00000000    0x1218b
 .debug_line    0x00000000      0xaf5 atmel_start.o
 .debug_line    0x00000af5      0x6dd Device_Startup/startup_samd21.o
 .debug_line    0x000011d2      0xf73 driver_init.o
 .debug_line    0x00002145      0x95a hal/src/hal_atomic.o
 .debug_line    0x00002a9f      0xc12 hal/src/hal_i2c_s_async.o
 .debug_line    0x000036b1      0x96e hal/src/hal_io.o
 .debug_line    0x0000401f      0xa7b hal/src/hal_pwm.o
 .debug_line    0x00004a9a      0xb03 hal/src/hal_timer.o
 .debug_line    0x0000559d      0x924 hal/utils/src/utils_assert.o
 .debug_line    0x00005ec1      0x9b8 hal/utils/src/utils_list.o
 .debug_line    0x00006879      0x9c3 hal/utils/src/utils_ringbuffer.o
 .debug_line    0x0000723c      0xa05 hpl/core/hpl_init.o
 .debug_line    0x00007c41      0x9be hpl/gclk/hpl_gclk.o
 .debug_line    0x000085ff      0x9ca hpl/pm/hpl_pm.o
 .debug_line    0x00008fc9      0xb49 hpl/rtc/hpl_rtc.o
 .debug_line    0x00009b12     0x28ba hpl/sercom/hpl_sercom.o
 .debug_line    0x0000c3cc      0xa7e hpl/sysctrl/hpl_sysctrl.o
 .debug_line    0x0000ce4a      0xcc2 hpl/tcc/hpl_tcc.o
 .debug_line    0x0000db0c      0xc65 hpl/tc/hpl_tc.o
 .debug_line    0x0000e771      0xb7c hpl/wdt/hpl_wdt.o
 .debug_line    0x0000f2ed      0xc40 i2c-cmd-handler.o
 .debug_line    0x0000ff2d      0xb28 main.o
 .debug_line    0x00010a55      0xbb6 switch-handler.o
 .debug_line    0x0001160b      0xb80 timer.o

.debug_str      0x00000000    0x81c7b
 .debug_str     0x00000000    0x7271a atmel_start.o
                              0x72c45 (size before relaxing)
 .debug_str     0x0007271a     0x10a4 Device_Startup/startup_samd21.o
                              0x6a2fb (size before relaxing)
 .debug_str     0x000737be     0x20e8 driver_init.o
                              0x75bb9 (size before relaxing)
 .debug_str     0x000758a6       0xbe hal/src/hal_atomic.o
                              0x71dc7 (size before relaxing)
 .debug_str     0x00075964      0x3cc hal/src/hal_i2c_s_async.o
                              0x72909 (size before relaxing)
 .debug_str     0x00075d30       0x3d hal/src/hal_io.o
                              0x71e74 (size before relaxing)
 .debug_str     0x00075d6d       0xaf hal/src/hal_pwm.o
                              0x72503 (size before relaxing)
 .debug_str     0x00075e1c      0x2c8 hal/src/hal_timer.o
                              0x72706 (size before relaxing)
 .debug_str     0x000760e4       0x2f hal/utils/src/utils_assert.o
                              0x71dd7 (size before relaxing)
 .debug_str     0x00076113       0x31 hal/utils/src/utils_list.o
                              0x71e81 (size before relaxing)
 .debug_str     0x00076144       0x24 hal/utils/src/utils_ringbuffer.o
                              0x71e7d (size before relaxing)
 .debug_str     0x00076168     0x17d7 hpl/core/hpl_init.o
                              0x73b86 (size before relaxing)
 .debug_str     0x0007793f      0x84f hpl/gclk/hpl_gclk.o
                              0x726f4 (size before relaxing)
 .debug_str     0x0007818e      0x194 hpl/pm/hpl_pm.o
                              0x726e5 (size before relaxing)
 .debug_str     0x00078322      0x50a hpl/rtc/hpl_rtc.o
                              0x728dd (size before relaxing)
 .debug_str     0x0007882c     0x48a9 hpl/sercom/hpl_sercom.o
                              0x77b1b (size before relaxing)
 .debug_str     0x0007d0d5     0x1348 hpl/sysctrl/hpl_sysctrl.o
                              0x732c0 (size before relaxing)
 .debug_str     0x0007e41d     0x1ec2 hpl/tcc/hpl_tcc.o
                              0x75011 (size before relaxing)
 .debug_str     0x000802df      0xe08 hpl/tc/hpl_tc.o
                              0x73b4b (size before relaxing)
 .debug_str     0x000810e7      0x436 hpl/wdt/hpl_wdt.o
                              0x72356 (size before relaxing)
 .debug_str     0x0008151d      0x4cc i2c-cmd-handler.o
                              0x73b43 (size before relaxing)
 .debug_str     0x000819e9       0x65 main.o
                              0x72fc4 (size before relaxing)
 .debug_str     0x00081a4e      0x1a6 switch-handler.o
                              0x73149 (size before relaxing)
 .debug_str     0x00081bf4       0x87 timer.o
                              0x72d75 (size before relaxing)

.debug_frame    0x00000000     0x1e00
 .debug_frame   0x00000000       0x28 atmel_start.o
 .debug_frame   0x00000028       0x40 Device_Startup/startup_samd21.o
 .debug_frame   0x00000068      0x1f0 driver_init.o
 .debug_frame   0x00000258       0x40 hal/src/hal_atomic.o
 .debug_frame   0x00000298      0x21c hal/src/hal_i2c_s_async.o
 .debug_frame   0x000004b4       0x58 hal/src/hal_io.o
 .debug_frame   0x0000050c       0xec hal/src/hal_pwm.o
 .debug_frame   0x000005f8      0x14c hal/src/hal_timer.o
 .debug_frame   0x00000744       0x20 hal/utils/src/utils_assert.o
 .debug_frame   0x00000764       0x88 hal/utils/src/utils_list.o
 .debug_frame   0x000007ec       0x94 hal/utils/src/utils_ringbuffer.o
 .debug_frame   0x00000880       0x28 hpl/core/hpl_init.o
 .debug_frame   0x000008a8       0x30 hpl/gclk/hpl_gclk.o
 .debug_frame   0x000008d8       0x40 hpl/pm/hpl_pm.o
 .debug_frame   0x00000918       0xdc hpl/rtc/hpl_rtc.o
 .debug_frame   0x000009f4      0xdf8 hpl/sercom/hpl_sercom.o
 .debug_frame   0x000017ec       0x30 hpl/sysctrl/hpl_sysctrl.o
 .debug_frame   0x0000181c      0x16c hpl/tcc/hpl_tcc.o
 .debug_frame   0x00001988      0x170 hpl/tc/hpl_tc.o
 .debug_frame   0x00001af8       0xc0 hpl/wdt/hpl_wdt.o
 .debug_frame   0x00001bb8       0xc0 i2c-cmd-handler.o
 .debug_frame   0x00001c78       0x2c main.o
 .debug_frame   0x00001ca4       0x80 switch-handler.o
 .debug_frame   0x00001d24       0x90 timer.o
 .debug_frame   0x00001db4       0x20 c:/program files (x86)/atmel/studio/7.0/toolchain/arm/arm-gnu-toolchain/bin/../lib/gcc/arm-none-eabi/6.3.1/thumb/v6-m\libgcc.a(_udivsi3.o)
 .debug_frame   0x00001dd4       0x2c c:/program files (x86)/atmel/studio/7.0/toolchain/arm/arm-gnu-toolchain/bin/../lib/gcc/arm-none-eabi/6.3.1/../../../../arm-none-eabi/lib/thumb/v6-m\libc_nano.a(lib_a-init.o)
